formal run start 2026-09-26T00:01:57Z HEAD 83774a0 scorer 8752d204d2044533
Messages d'avis :
1: le package 'tibble' a 'et'e compil'e avec la version R 4.3.3 
2: le package 'data.table' a 'et'e compil'e avec la version R 4.3.3 
G0 integrity passed
  dev  cond  devK condK 
  106    65    85    65 
          gate   pass
        <char> <lgcl>
 1:         G1   TRUE
 2:        G2a   TRUE
 3:        G2b   TRUE
 4:        G3a   TRUE
 5:        G3b   TRUE
 6:        G3c   TRUE
 7:        G3d   TRUE
 8:         G4   TRUE
 9:        G5a   TRUE
10:        G5b   TRUE
11:        G5c   TRUE
12:        G5d   TRUE
13:        G5e   TRUE
14:        G6a   TRUE
15:        G6b   TRUE
16:        G6c   TRUE
17:        G6d   TRUE
18:        G6e   TRUE
19:      G7-ll   TRUE
20:     G7-mae   TRUE
21:   G7-slope   TRUE
22:    G7-tier   TRUE
23:  G7-market   TRUE
24: G7-seasons   TRUE
25:     G7-G5a   TRUE
26:     G7-G5c   TRUE
27:     G7-G5d   TRUE
28:     G7-G5e   TRUE
29:         G0   TRUE
          gate   pass
                                                                                                                                                                     observed
                                                                                                                                                                       <char>
 1:                                                                                                                                         -0.00729 [95% -0.01283, -0.00207]
 2:                                                                                                                                         -0.00327 [95% -0.00570, -0.00100]
 3:                                                                                                                                                 slope 1.006; CITL +0.0052
 4:                                                                                                                                            -0.1555 [95% -0.2833, -0.0271]
 5:                                                                                                                                                                   -0.1790
 6:                                                                                                                                                 |0.687| vs |0.639| + 0.50
 7:                                                                                                                                                                     0.998
 8:                                                             0:1.225[1.134,1.311] 1:1.195[1.101,1.270] 2-3:1.032[0.941,1.130] 4-6:0.855[0.797,0.911] 7+:0.993[0.948,1.036]
 9:                                                                                                                                                                    +1.515
10:                                                                                                                                            13.595 vs C2f 15.912, I 15.354
11:                                                                                                                                                                    +2.689
12:                                                                                                            slope 1.064; MAE 13.034 vs C2f 13.261; Spearman 0.608 vs 0.583
13:                                                                                           2017:+0.56/0.14 2018:-2.88/0.12 2019:+0.78/0.08 2021:+1.48/0.13 2022:-2.30/0.12
14: 2017:-0.0075[90% -0.0197,+0.0043] 2018:+0.0024[90% -0.0059,+0.0100] 2019:-0.0127[90% -0.0245,-0.0019] 2021:-0.0073[90% -0.0181,+0.0036] 2022:-0.0113[90% -0.0186,-0.0037]
15:                                                                                                    gp 0-3:-0.0074[90% -0.0176,+0.0031] gp 4+:-0.0072[90% -0.0120,-0.0028]
16:                                                                                                                                                        |4.420| vs |5.768|
17:                                                                                                                             |dP| 0.943 vs 0.799; Kendall 0.0767 vs 0.0734
18:                                                                                                                                      -0.006 vs -0.008 [95% -0.131, 0.114]
19:                                                                                                                                                                  -0.00664
20:                                                                                                                                                                   -0.2497
21:                                                                                                                                                                     0.982
22:                                                                                                                                                        |0.338| vs |3.441|
23:                                                                                                                                                            0.232 vs 0.017
24:                                                                     2023:-0.0045[90% -0.0130,+0.0032] 2024:-0.0057[90% -0.0170,+0.0061] 2025:-0.0097[90% -0.0212,+0.0016]
25:                                                                                                                                                                    +0.382
26:                                                                                                                                                                    -0.138
27:                                                                                                            slope 1.074; MAE 12.441 vs C2f 12.744; Spearman 0.614 vs 0.591
28:                                                                                                                           2023:+0.79/0.09 2024:-2.88/0.09 2025:-2.14/0.09
29:                                                                                                                                                                  all pass
                                                                                                                                                                     observed

VERDICT: QUALIFIED (historical): PRODUCTION CANDIDATE - may advance to independent forward confirmation; not independent proof of superiority (historical data influenced development) 
Secondary claim: CONFIRMED 
results frozen: 27 files
exit status 0 at 2026-09-26T00:04:23Z
